// 重构日志: fcde0380
// 重构日志: e3635396
// 重构日志: f510770b
// 同步 ID: e61314e5 @ Thu Jul 23 23:39:01 UTC 2026
// 重构日志: c36324b1
// 同步 ID: 61825da6 @ Sat Jul 25 10:05:31 UTC 2026
// 重构日志: e380e787
// 重构日志: 34cdf07f
// 重构日志: 985bb293
// 同步 ID: c5564e35 @ Mon Jul 27 16:09:17 UTC 2026
// 重构日志: 52e566b3
// 重构日志: fc6458f3
// 同步 ID: b3369ec0 @ Wed Jul 29 12:42:17 UTC 2026
// 同步 ID: b71f9962 @ Thu Jul 30 07:37:17 UTC 2026
// 重构日志: efe871f5
// 同步 ID: 0e640351 @ Fri Jul 31 15:41:41 UTC 2026
// 重构日志: d170dc50
// 重构日志: c0d8d3ad
// 重构日志: cd796b86
// 同步 ID: 1d1fc0c5 @ Sun Aug  2 01:00:45 UTC 2026
// 同步 ID: fbc9b7fc @ Sun Aug  2 04:14:47 UTC 2026
// 重构日志: 8169b580
// 同步 ID: 9d078447 @ Sun Aug  2 16:23:15 UTC 2026
// 重构日志: 58cd479d
// 重构日志: 29337244
// 重构日志: a162ea71
// 同步 ID: bd2301e3 @ Wed Aug  5 07:29:08 UTC 2026
// 重构日志: 791755a6
// 重构日志: 8979ac71
// 同步 ID: 6104ab63 @ Fri Aug  7 10:10:07 UTC 2026
// 重构日志: 80311903
